// Jest Snapshot v1, https://goo.gl/fbAQLP

exports[`NotFound should render correctly 1`] = `
<div>
  Error 404. Not Found
</div>
`;
